[    0.000000] Initializing cgroup subsys cpuset
[    0.000000] Initializing cgroup subsys cpu
[    0.000000] Initializing cgroup subsys cpuacct
[    0.000000] Linux version 4.4.0-210-generic (buildd@lgw01-amd64-009) (gcc version 5.4.0 20160609 (Ubuntu 5.4.0-6ubuntu1~16.04.12) ) #242-Ubuntu SMP Fri Apr 16 09:57:56 UTC 2021 (Ubuntu 4.4.0-210.242-generic 4.4.262)
[    0.000000] Command line: BOOT_IMAGE=/boot/vmlinuz-4.4.0-210-generic root=LABEL=cloudimg-rootfs ro console=tty1 console=ttyS0
[    0.000000] KERNEL supported cpus:
[    0.000000]   Intel GenuineIntel
[    0.000000]   AMD AuthenticAMD
[    0.000000]   Centaur CentaurHauls
[    0.000000] [Firmware Bug]: TSC doesn't count with P0 frequency!
[    0.000000] x86/fpu: xstate_offset[2]:  576, xstate_sizes[2]:  256
[    0.000000] x86/fpu: Supporting XSAVE feature 0x01: 'x87 floating point registers'
[    0.000000] x86/fpu: Supporting XSAVE feature 0x02: 'SSE registers'
[    0.000000] x86/fpu: Supporting XSAVE feature 0x04: 'AVX registers'
[    0.000000] x86/fpu: Enabled xstate features 0x7, context size is 832 bytes, using 'standard' format.
[    0.000000] e820: BIOS-provided physical RAM map:
[    0.000000] BIOS-e820: [mem 0x0000000000000000-0x000000000009fbff] usable
[    0.000000] BIOS-e820: [mem 0x000000000009fc00-0x000000000009ffff] reserved
[    0.000000] BIOS-e820: [mem 0x00000000000f0000-0x00000000000fffff] reserved
[    0.000000] BIOS-e820: [mem 0x0000000000100000-0x000000003ffeffff] usable
[    0.000000] BIOS-e820: [mem 0x000000003fff0000-0x000000003fffffff] ACPI data
[    0.000000] BIOS-e820: [mem 0x00000000fec00000-0x00000000fec00fff] reserved
[    0.000000] BIOS-e820: [mem 0x00000000fee00000-0x00000000fee00fff] reserved
[    0.000000] BIOS-e820: [mem 0x00000000fffc0000-0x00000000ffffffff] reserved
[    0.000000] NX (Execute Disable) protection: active
[    0.000000] SMBIOS 2.5 present.
[    0.000000] Hypervisor detected: KVM
[    0.000000] Kernel/User page tables isolation: disabled
[    0.000000] e820: last_pfn = 0x3fff0 max_arch_pfn = 0x400000000
[    0.000000] MTRR: Disabled
[    0.000000] x86/PAT: MTRRs disabled, skipping PAT initialization too.
[    0.000000] CPU MTRRs all blank - virtualized system.
[    0.000000] x86/PAT: Configuration [0-7]: WB  WT  UC- UC  WB  WT  UC- UC  
[    0.000000] found SMP MP-table at [mem 0x0009fff0-0x0009ffff] mapped at [ffff88000009fff0]
[    0.000000] Scanning 1 areas for low memory corruption
[    0.000000] RAMDISK: [mem 0x362dc000-0x37165fff]
[    0.000000] ACPI: Early table checksum verification disabled
[    0.000000] ACPI: RSDP 0x00000000000E0000 000024 (v02 VBOX  )
[    0.000000] ACPI: XSDT 0x000000003FFF0030 00003C (v01 VBOX   VBOXXSDT 00000001 ASL  00000061)
[    0.000000] ACPI: FACP 0x000000003FFF00F0 0000F4 (v04 VBOX   VBOXFACP 00000001 ASL  00000061)
[    0.000000] ACPI: DSDT 0x000000003FFF0470 002325 (v02 VBOX   VBOXBIOS 00000002 INTL 20100528)
[    0.000000] ACPI: FACS 0x000000003FFF0200 000040
[    0.000000] ACPI: FACS 0x000000003FFF0200 000040
[    0.000000] ACPI: APIC 0x000000003FFF0240 00005C (v02 VBOX   VBOXAPIC 00000001 ASL  00000061)
[    0.000000] ACPI: SSDT 0x000000003FFF02A0 0001CC (v01 VBOX   VBOXCPUT 00000002 INTL 20100528)
[    0.000000] No NUMA configuration found
[    0.000000] Faking a node at [mem 0x0000000000000000-0x000000003ffeffff]
[    0.000000] NODE_DATA(0) allocated [mem 0x3ffeb000-0x3ffeffff]
[    0.000000] kvm-clock: Using msrs 4b564d01 and 4b564d00
[    0.000000] kvm-clock: cpu 0, msr 0:3ffe3001, primary cpu clock
[    0.000000] kvm-clock: using sched offset of 3160814825 cycles
[    0.000000] clocksource: kvm-clock: mask: 0xffffffffffffffff max_cycles: 0x1cd42e4dffb, max_idle_ns: 881590591483 ns
[    0.000000] Zone ranges:
[    0.000000]   DMA      [mem 0x0000000000001000-0x0000000000ffffff]
[    0.000000]   DMA32    [mem 0x0000000001000000-0x000000003ffeffff]
[    0.000000]   Normal   empty
[    0.000000]   Device   empty
[    0.000000] Movable zone start for each node
[    0.000000] Early memory node ranges
[    0.000000]   node   0: [mem 0x0000000000001000-0x000000000009efff]
[    0.000000]   node   0: [mem 0x0000000000100000-0x000000003ffeffff]
[    0.000000] Initmem setup node 0 [mem 0x0000000000001000-0x000000003ffeffff]
[    0.000000] ACPI: PM-Timer IO Port: 0x4008
[    0.000000] IOAPIC[0]: apic_id 2, version 32, address 0xfec00000, GSI 0-23
[    0.000000] ACPI: INT_SRC_OVR (bus 0 bus_irq 0 global_irq 2 dfl dfl)
[    0.000000] ACPI: INT_SRC_OVR (bus 0 bus_irq 9 global_irq 9 low level)
[    0.000000] Using ACPI (MADT) for SMP configuration information
[    0.000000] smpboot: Allowing 2 CPUs, 0 hotplug CPUs
[    0.000000] PM: Registered nosave memory: [mem 0x00000000-0x00000fff]
[    0.000000] PM: Registered nosave memory: [mem 0x0009f000-0x0009ffff]
[    0.000000] PM: Registered nosave memory: [mem 0x000a0000-0x000effff]
[    0.000000] PM: Registered nosave memory: [mem 0x000f0000-0x000fffff]
[    0.000000] e820: [mem 0x40000000-0xfebfffff] available for PCI devices
[    0.000000] Booting paravirtualized kernel on KVM
[    0.000000] clocksource: refined-jiffies: mask: 0xffffffff max_cycles: 0xffffffff, max_idle_ns: 7645519600211568 ns
[    0.000000] setup_percpu: NR_CPUS:512 nr_cpumask_bits:512 nr_cpu_ids:2 nr_node_ids:1
[    0.000000] PERCPU: Embedded 33 pages/cpu @ffff88003fc00000 s95192 r8192 d31784 u1048576
[    0.000000] Built 1 zonelists in Node order, mobility grouping on.  Total pages: 257912
[    0.000000] Policy zone: DMA32
[    0.000000] Kernel command line: BOOT_IMAGE=/boot/vmlinuz-4.4.0-210-generic root=LABEL=cloudimg-rootfs ro console=tty1 console=ttyS0
[    0.000000] PID hash table entries: 4096 (order: 3, 32768 bytes)
[    0.000000] Memory: 997792K/1048120K available (8644K kernel code, 1332K rwdata, 4044K rodata, 1492K init, 1164K bss, 50328K reserved, 0K cma-reserved)
[    0.000000] SLUB: HWalign=64, Order=0-3, MinObjects=0, CPUs=2, Nodes=1
[    0.000000] Hierarchical RCU implementation.
[    0.000000] 	Build-time adjustment of leaf fanout to 64.
[    0.000000] 	RCU restricting CPUs from NR_CPUS=512 to nr_cpu_ids=2.
[    0.000000] RCU: Adjusting geometry for rcu_fanout_leaf=64, nr_cpu_ids=2
[    0.000000] NR_IRQS:33024 nr_irqs:440 16
[    0.000000] Console: colour VGA+ 80x25
[    0.000000] console [tty1] enabled
[    0.000000] console [ttyS0] enabled
[    0.000000] tsc: Detected 3699.994 MHz processor
[    0.124293] Calibrating delay loop (skipped) preset value.. 7399.98 BogoMIPS (lpj=14799976)
[    0.125735] pid_max: default: 32768 minimum: 301
[    0.126489] ACPI: Core revision 20150930
[    0.128000] ACPI: 2 ACPI AML tables successfully acquired and loaded
[    0.129083] Security Framework initialized
[    0.129772] Yama: becoming mindful.
[    0.130436] AppArmor: AppArmor initialized
[    0.131161] Dentry cache hash table entries: 131072 (order: 8, 1048576 bytes)
[    0.132296] Inode-cache hash table entries: 65536 (order: 7, 524288 bytes)
[    0.134360] Mount-cache hash table entries: 2048 (order: 2, 16384 bytes)
[    0.135341] Mountpoint-cache hash table entries: 2048 (order: 2, 16384 bytes)
[    0.136510] Initializing cgroup subsys io
[    0.137203] Initializing cgroup subsys memory
[    0.137928] Initializing cgroup subsys devices
[    0.138657] Initializing cgroup subsys freezer
[    0.139369] Initializing cgroup subsys net_cls
[    0.140142] Initializing cgroup subsys perf_event
[    0.140914] Initializing cgroup subsys net_prio
[    0.141671] Initializing cgroup subsys hugetlb
[    0.142389] Initializing cgroup subsys pids
[    0.148460] mce: CPU supports 0 MCE banks
[    0.149162] Last level iTLB entries: 4KB 1024, 2MB 1024, 4MB 512
[    0.150104] Last level dTLB entries: 4KB 1536, 2MB 1536, 4MB 768, 1GB 0
[    0.151113] Spectre V1 : Mitigation: usercopy/swapgs barriers and __user pointer sanitization
[    0.152510] Spectre V2 : Spectre mitigation: LFENCE not serializing, switching to generic retpoline
[    0.153930] Spectre V2 : Mitigation: Full generic retpoline
[    0.154794] Spectre V2 : Spectre v2 / SpectreRSB mitigation: Filling RSB on context switch
[    0.158322] Freeing SMP alternatives memory: 36K
[    0.164329] ftrace: allocating 32380 entries in 127 pages
[    0.223928] smpboot: APIC(0) Converting physical 0 to logical package 0
[    0.224987] smpboot: Max logical packages: 1
[    0.225934] x2apic enabled
[    0.226679] Switched APIC routing to physical x2apic.
[    0.228482] ..TIMER: vector=0x30 apic1=0 pin1=2 apic2=-1 pin2=-1
[    0.337482] APIC calibration not consistent with PM-Timer: 101ms instead of 100ms
[    0.338903] APIC delta adjusted to PM-Timer: 6385668 (6488387)
[    0.339885] smpboot: CPU0: AMD Ryzen 5 1600X Six-Core Processor (family: 0x17, model: 0x1, stepping: 0x1)
[    0.341553] Performance Events: Broken PMU hardware detected, using software events only.
[    0.342962] Failed to access perfctr msr (MSR c0010007 is 0)
[    0.349925] KVM setup paravirtual spinlock
[    0.351239] x86: Booting SMP configuration:
[    0.351962] .... node  #0, CPUs:      #1
[    0.352833] kvm-clock: cpu 1, msr 0:3ffe3041, secondary cpu clock
[    0.359075] mce: CPU supports 0 MCE banks
[    0.361516] x86: Booted up 1 node, 2 CPUs
[    0.362392] smpboot: Total of 2 processors activated (14799.97 BogoMIPS)
[    0.363775] devtmpfs: initialized
[    0.365864] evm: security.selinux
[    0.366515] evm: security.SMACK64
[    0.367147] evm: security.SMACK64EXEC
[    0.367790] evm: security.SMACK64TRANSMUTE
[    0.368491] evm: security.SMACK64MMAP
[    0.369132] evm: security.ima
[    0.369702] evm: security.capability
[    0.371546] clocksource: jiffies: mask: 0xffffffff max_cycles: 0xffffffff, max_idle_ns: 7645041785100000 ns
[    0.373176] futex hash table entries: 512 (order: 3, 32768 bytes)
[    0.374217] pinctrl core: initialized pinctrl subsystem
[    0.375145] RTC time:  7:40:37, date: 10/11/22
[    0.376116] NET: Registered protocol family 16
[    0.388686] cpuidle: using governor ladder
[    0.403361] cpuidle: using governor menu
[    0.404319] PCCT header not found.
[    0.405300] ACPI: bus type PCI registered
[    0.405992] acpiphp: ACPI Hot Plug PCI Controller Driver version: 0.5
[    0.407074] PCI: Using configuration type 1 for base access
[    0.407974] PCI: Using configuration type 1 for extended access
[    0.423499] ACPI: Added _OSI(Module Device)
[    0.424255] ACPI: Added _OSI(Processor Device)
[    0.424998] ACPI: Added _OSI(3.0 _SCP Extensions)
[    0.425805] ACPI: Added _OSI(Processor Aggregator Device)
[    0.427138] ACPI: Executed 1 blocks of module-level executable AML code
[    0.429767] ACPI: Interpreter enabled
[    0.430444] ACPI: (supports S0 S5)
[    0.431165] ACPI: Using IOAPIC for interrupt routing
[    0.432380] PCI: Using host bridge windows from ACPI; if necessary, use "pci=nocrs" and report a bug
[    0.437068] ACPI: PCI Root Bridge [PCI0] (domain 0000 [bus 00-ff])
[    0.438152] acpi PNP0A03:00: _OSC: OS supports [ExtendedConfig ASPM ClockPM Segments MSI]
[    0.440277] acpi PNP0A03:00: _OSC: platform does not support [PCIeCapability]
[    0.441786] acpi PNP0A03:00: _OSC: not requesting control; platform does not support [PCIeCapability]
[    0.443428] acpi PNP0A03:00: _OSC: OS requested [PCIeHotplug PME AER PCIeCapability]
[    0.444823] acpi PNP0A03:00: _OSC: platform willing to grant [PCIeHotplug PME AER]
[    0.446118] acpi PNP0A03:00: _OSC failed (AE_SUPPORT); disabling ASPM
[    0.447393] PCI host bridge to bus 0000:00
[    0.455865] pci_bus 0000:00: root bus resource [io  0x0000-0x0cf7 window]
[    0.456906] pci_bus 0000:00: root bus resource [io  0x0d00-0xffff window]
[    0.458015] pci_bus 0000:00: root bus resource [mem 0x000a0000-0x000bffff window]
[    0.459327] pci_bus 0000:00: root bus resource [mem 0x40000000-0xfdffffff window]
[    0.460640] pci_bus 0000:00: root bus resource [bus 00-ff]
[    0.463279] pci 0000:00:01.1: legacy IDE quirk: reg 0x10: [io  0x01f0-0x01f7]
[    0.464355] pci 0000:00:01.1: legacy IDE quirk: reg 0x14: [io  0x03f6]
[    0.465381] pci 0000:00:01.1: legacy IDE quirk: reg 0x18: [io  0x0170-0x0177]
[    0.466541] pci 0000:00:01.1: legacy IDE quirk: reg 0x1c: [io  0x0376]
[    0.476452] pci 0000:00:07.0: quirk: [io  0x4000-0x403f] claimed by PIIX4 ACPI
[    0.477760] pci 0000:00:07.0: quirk: [io  0x4100-0x410f] claimed by PIIX4 SMB
[    0.481825] ACPI: PCI Interrupt Link [LNKA] (IRQs 5 9 10 *11)
[    0.483260] ACPI: PCI Interrupt Link [LNKB] (IRQs 5 9 *10 11)
[    0.484572] ACPI: PCI Interrupt Link [LNKC] (IRQs 5 *9 10 11)
[    0.485904] ACPI: PCI Interrupt Link [LNKD] (IRQs 5 9 10 *11)
[    0.487236] ACPI: Enabled 2 GPEs in block 00 to 07
[    0.488391] vgaarb: setting as boot device: PCI:0000:00:02.0
[    0.489284] vgaarb: device added: PCI:0000:00:02.0,decodes=io+mem,owns=io+mem,locks=none
[    0.490636] vgaarb: loaded
[    0.491169] vgaarb: bridge control possible 0000:00:02.0
[    0.492205] SCSI subsystem initialized
[    0.493000] ACPI: bus type USB registered
[    0.493766] usbcore: registered new interface driver usbfs
[    0.494652] usbcore: registered new interface driver hub
[    0.495538] usbcore: registered new device driver usb
[    0.496584] PCI: Using ACPI for IRQ routing
[    0.497547] NetLabel: Initializing
[    0.498168] NetLabel:  domain hash size = 128
[    0.498895] NetLabel:  protocols = UNLABELED CIPSOv4
[    0.499712] NetLabel:  unlabeled traffic allowed by default
[    0.500734] amd_nb: Cannot enumerate AMD northbridges
[    0.501618] clocksource: Switched to clocksource kvm-clock
[    0.508836] AppArmor: AppArmor Filesystem Enabled
[    0.509672] pnp: PnP ACPI init
[    0.510950] pnp: PnP ACPI: found 3 devices
[    0.520269] clocksource: acpi_pm: mask: 0xffffff max_cycles: 0xffffff, max_idle_ns: 2085701024 ns
[    0.521793] NET: Registered protocol family 2
[    0.522651] TCP established hash table entries: 8192 (order: 4, 65536 bytes)
[    0.523729] TCP bind hash table entries: 8192 (order: 5, 131072 bytes)
[    0.524754] TCP: Hash tables configured (established 8192 bind 8192)
[    0.525780] UDP hash table entries: 512 (order: 2, 16384 bytes)
[    0.526743] UDP-Lite hash table entries: 512 (order: 2, 16384 bytes)
[    0.527789] NET: Registered protocol family 1
[    0.528545] pci 0000:00:00.0: Limiting direct PCI/PCI transfers
[    0.529491] pci 0000:00:01.0: Activating ISA DMA hang workarounds
[    0.531597] Unpacking initramfs...
[    0.723576] Freeing initrd memory: 14888K
[    0.724400] clocksource: tsc: mask: 0xffffffffffffffff max_cycles: 0x6aaaa0aaab9, max_idle_ns: 881590758500 ns
[    0.726016] platform rtc_cmos: registered platform RTC device (no PNP device found)
[    0.727345] Scanning for low memory corruption every 60 seconds
[    0.728841] audit: initializing netlink subsys (disabled)
[    0.729834] audit: type=2000 audit(1665474042.557:1): initialized
[    0.731092] Initialise system trusted keyring
[    0.731951] HugeTLB registered 2 MB page size, pre-allocated 0 pages
[    0.733816] zbud: loaded
[    0.734783] VFS: Disk quotas dquot_6.6.0
[    0.735575] VFS: Dquot-cache hash table entries: 512 (order 0, 4096 bytes)
[    0.736866] squashfs: version 4.0 (2009/01/31) Phillip Lougher
[    0.739004] fuse init (API version 7.23)
[    0.740079] Key type big_key registered
[    0.740838] Allocating IMA MOK and blacklist keyrings.
[    0.742771] Key type asymmetric registered
[    0.743485] Asymmetric key parser 'x509' registered
[    0.744323] Block layer SCSI generic (bsg) driver version 0.4 loaded (major 249)
[    0.745751] io scheduler noop registered
[    0.746692] io scheduler deadline registered (default)
[    0.747863] io scheduler cfq registered
[    0.748790] pci_hotplug: PCI Hot Plug PCI Core version: 0.5
[    0.750038] pciehp: PCI Express Hot Plug Controller Driver version: 0.4
[    0.751325] ACPI: AC Adapter [AC] (on-line)
[    0.752281] input: Power Button as /devices/LNXSYSTM:00/LNXPWRBN:00/input/input0
[    0.753836] ACPI: Power Button [PWRF]
[    0.754533] input: Sleep Button as /devices/LNXSYSTM:00/LNXSLPBN:00/input/input1
[    0.755979] ACPI: Sleep Button [SLPF]
[    0.756911] GHES: HEST is not enabled!
[    0.757692] Serial: 8250/16550 driver, 32 ports, IRQ sharing enabled
[    0.779178] 00:02: ttyS0 at I/O 0x3f8 (irq = 4, base_baud = 115200) is a 16550A
[    0.782450] Linux agpgart interface v0.103
[    0.784817] loop: module loaded
[    0.785902] scsi host0: ata_piix
[    0.786611] scsi host1: ata_piix
[    0.787326] ata1: PATA max UDMA/33 cmd 0x1f0 ctl 0x3f6 bmdma 0xd000 irq 14
[    0.788383] ata2: PATA max UDMA/33 cmd 0x170 ctl 0x376 bmdma 0xd008 irq 15
[    0.789501] libphy: Fixed MDIO Bus: probed
[    0.790451] tun: Universal TUN/TAP device driver, 1.6
[    0.791254] tun: (C) 1999-2004 Max Krasnyansky <maxk@qualcomm.com>
[    0.792285] PPP generic driver version 2.4.2
[    0.793100] ehci_hcd: USB 2.0 'Enhanced' Host Controller (EHCI) Driver
[    0.794141] ehci-pci: EHCI PCI platform driver
[    0.794931] ehci-platform: EHCI generic platform driver
[    0.795817] ohci_hcd: USB 1.1 'Open' Host Controller (OHCI) Driver
[    0.796858] ohci-pci: OHCI PCI platform driver
[    0.797618] ohci-platform: OHCI generic platform driver
[    0.798495] uhci_hcd: USB Universal Host Controller Interface driver
[    0.799558] i8042: PNP: PS/2 Controller [PNP0303:PS2K,PNP0f03:PS2M] at 0x60,0x64 irq 1,12
[    0.801345] serio: i8042 KBD port at 0x60,0x64 irq 1
[    0.802186] serio: i8042 AUX port at 0x60,0x64 irq 12
[    0.803165] mousedev: PS/2 mouse device common for all mice
[    0.804484] input: AT Translated Set 2 keyboard as /devices/platform/i8042/serio0/input/input2
[    0.806335] rtc_cmos rtc_cmos: rtc core: registered rtc_cmos as rtc0
[    0.807388] rtc_cmos rtc_cmos: alarms up to one day, 114 bytes nvram
[    0.808400] i2c /dev entries driver
[    0.809069] device-mapper: uevent: version 1.0.3
[    0.809940] device-mapper: ioctl: 4.34.0-ioctl (2015-10-28) initialised: dm-devel@redhat.com
[    0.811419] ledtrig-cpu: registered to indicate activity on CPUs
[    0.812785] NET: Registered protocol family 10
[    0.813690] NET: Registered protocol family 17
[    0.814480] Key type dns_resolver registered
[    0.815586] registered taskstats version 1
[    0.816423] Loading compiled-in X.509 certificates
[    0.817789] Loaded X.509 cert 'Build time autogenerated kernel key: cf00e047681d67edb2720680708b7d9498083038'
[    0.819727] zswap: loaded using pool lzo/zbud
[    0.822016] Key type trusted registered
[    0.825017] Key type encrypted registered
[    0.825714] AppArmor: AppArmor sha1 policy hashing enabled
[    0.826659] ima: No TPM chip found, activating TPM-bypass!
[    0.827601] ima: Allocated hash algorithm: sha1
[    0.828471] evm: HMAC attrs: 0x1
[    0.829478]   Magic number: 10:723:672
[    0.830410] rtc_cmos rtc_cmos: setting system clock to 2022-10-11 07:40:38 UTC (1665474038)
[    0.831880] BIOS EDD facility v0.16 2004-Jun-25, 0 devices found
[    0.832796] EDD information not available.
[    0.966053] Freeing unused kernel memory: 1492K
[    0.966855] Write protecting the kernel read-only data: 14336k
[    0.968167] Freeing unused kernel memory: 1584K
[    0.969038] Freeing unused kernel memory: 52K
Loading, please wait...
starting version 229
[    0.979136] random: systemd-udevd: uninitialized urandom read (16 bytes read, 4 bits of entropy available)
[    0.979581] random: udevadm: uninitialized urandom read (16 bytes read, 4 bits of entropy available)
[    0.979598] random: udevadm: uninitialized urandom read (16 bytes read, 4 bits of entropy available)
[    0.983662] random: systemd-udevd: uninitialized urandom read (16 bytes read, 4 bits of entropy available)
[    0.985233] random: systemd-udevd: uninitialized urandom read (16 bytes read, 4 bits of entropy available)
[    0.986302] random: udevadm: uninitialized urandom read (16 bytes read, 4 bits of entropy available)
[    0.986345] random: udevadm: uninitialized urandom read (16 bytes read, 4 bits of entropy available)
[    0.986451] random: udevadm: uninitialized urandom read (16 bytes read, 4 bits of entropy available)
[    0.986491] random: udevadm: uninitialized urandom read (16 bytes read, 4 bits of entropy available)
[    0.986532] random: udevadm: uninitialized urandom read (16 bytes read, 4 bits of entropy available)
[    1.023516] Fusion MPT base driver 3.04.20
[    1.024262] Copyright (c) 1999-2008 LSI Corporation
[    1.027740] e1000: Intel(R) PRO/1000 Network Driver - version 7.3.21-k8-NAPI
[    1.029169] e1000: Copyright (c) 1999-2006 Intel Corporation.
[    1.034439] Fusion MPT SPI Host driver 3.04.20
[    1.040548] AVX2 version of gcm_enc/dec engaged.
[    1.041336] AES CTR mode by8 optimization enabled
[    1.252488] input: ImExPS/2 Generic Explorer Mouse as /devices/platform/i8042/serio1/input/input4
[    1.537551] e1000 0000:00:03.0 eth0: (PCI:33MHz:32-bit) 02:be:82:6b:cc:1d
[    1.538726] e1000 0000:00:03.0 eth0: Intel(R) PRO/1000 Network Connection
[    1.540958] e1000 0000:00:03.0 enp0s3: renamed from eth0
[    1.541833] mptbase: ioc0: Initiating bringup
[    2.466626] ioc0: LSI53C1030 A0: Capabilities={Initiator}
[    2.627410] scsi host2: ioc0: LSI53C1030 A0, FwRev=00000000h, Ports=1, MaxQ=256, IRQ=20
[    2.738136] scsi 2:0:0:0: Direct-Access     VBOX     HARDDISK         1.0  PQ: 0 ANSI: 5
[    2.747288] scsi target2:0:0: Beginning Domain Validation
[    2.749250] scsi target2:0:0: Domain Validation skipping write tests
[    2.750241] scsi target2:0:0: Ending Domain Validation
[    2.751130] scsi target2:0:0: asynchronous
[    2.752198] scsi 2:0:1:0: Direct-Access     VBOX     HARDDISK         1.0  PQ: 0 ANSI: 5
[    2.753537] scsi target2:0:1: Beginning Domain Validation
[    2.755469] scsi target2:0:1: Domain Validation skipping write tests
[    2.756418] scsi target2:0:1: Ending Domain Validation
[    2.757274] scsi target2:0:1: asynchronous
[    2.763110] sd 2:0:0:0: [sda] 83886080 512-byte logical blocks: (42.9 GB/40.0 GiB)
[    2.764491] sd 2:0:0:0: Attached scsi generic sg0 type 0
[    2.765565] sd 2:0:1:0: Attached scsi generic sg1 type 0
[    2.765748] sd 2:0:0:0: [sda] Write Protect is off
[    2.767283] sd 2:0:0:0: [sda] Incomplete mode parameter data
[    2.768169] sd 2:0:0:0: [sda] Assuming drive cache: write through
[    2.769144] sd 2:0:1:0: [sdb] 20480 512-byte logical blocks: (10.5 MB/10.0 MiB)
[    2.771002] sd 2:0:1:0: [sdb] Write Protect is off
[    2.772248] sd 2:0:1:0: [sdb] Incomplete mode parameter data
[    2.773448] sd 2:0:1:0: [sdb] Assuming drive cache: write through
[    2.774148]  sda: sda1
[    2.774598] sd 2:0:0:0: [sda] Attached SCSI disk
[    2.778673] sd 2:0:1:0: [sdb] Attached SCSI disk
Begin: Loading essential drivers ... [    4.074711] md: linear personality registered for level -1
[    4.077212] md: multipath personality registered for level -4
[    4.079854] md: raid0 personality registered for level 0
[    4.083540] md: raid1 personality registered for level 1
[    4.154350] raid6: sse2x1   gen()  7593 MB/s
[    4.223093] raid6: sse2x1   xor()  7618 MB/s
[    4.291054] raid6: sse2x2   gen() 15913 MB/s
[    4.358424] raid6: sse2x2   xor() 10200 MB/s
[    4.425789] raid6: sse2x4   gen() 16514 MB/s
[    4.495092] raid6: sse2x4   xor()  6563 MB/s
[    4.562109] raid6: avx2x1   gen() 15652 MB/s
[    4.631370] raid6: avx2x2   gen() 20249 MB/s
[    4.698772] raid6: avx2x4   gen() 22383 MB/s
[    4.699637] raid6: using algorithm avx2x4 gen() 22383 MB/s
[    4.700751] raid6: using avx2x2 recovery algorithm
[    4.702558] xor: automatically using best checksumming function:
[    4.741735]    avx       : 14382.000 MB/sec
[    4.743421] async_tx: api initialized (async)
[    4.750782] md: raid6 personality registered for level 6
[    4.751893] md: raid5 personality registered for level 5
[    4.752716] md: raid4 personality registered for level 4
[    4.758839] md: raid10 personality registered for level 10
done.
Begin: Running /scripts/init-premount ... done.
Begin: Mounting root file system ... Begin: Running /scripts/local-top ... done.
Begin: Running /scripts/local-premount ... [    4.782956] Btrfs loaded
Scanning for Btrfs filesystems
done.
Warning: fsck not present, so skipping root file system
[    4.806416] EXT4-fs (sda1): mounted filesystem with ordered data mode. Opts: (null)
done.
Begin: Running /scripts/local-bottom ... done.
Begin: Running /scripts/init-bottom ... done.
[    4.894202] systemd[1]: systemd 229 running in system mode. (+PAM +AUDIT +SELINUX +IMA +APPARMOR +SMACK +SYSVINIT +UTMP +LIBCRYPTSETUP +GCRYPT +GNUTLS +ACL +XZ -LZ4 +SECCOMP +BLKID +ELFUTILS +KMOD -IDN)
[    4.897020] systemd[1]: Detected virtualization oracle.
[    4.897854] systemd[1]: Detected architecture x86-64.

Welcome to [1mUbuntu 16.04.7 LTS[0m!

[    4.902080] systemd[1]: Set hostname to <ubuntu-xenial>.
[    5.014846] systemd[1]: Reached target User and Group Name Lookups.
[[0;32m  OK  [0m] Reached target User and Group Name Lookups.
[    5.022781] systemd[1]: Listening on Syslog Socket.
[[0;32m  OK  [0m] Listening on Syslog Socket.
[    5.024375] systemd[1]: Started Forward Password Requests to Wall Directory Watch.
[[0;32m  OK  [0m] Started Forward Password Requests to Wall Directory Watch.
[    5.026701] systemd[1]: Listening on LVM2 poll daemon socket.
[[0;32m  OK  [0m] Listening on LVM2 poll daemon socket.
[    5.028410] systemd[1]: Listening on udev Control Socket.
[[0;32m  OK  [0m] Listening on udev Control Socket.
[    5.030052] systemd[1]: Reached target Encrypted Volumes.
[[0;32m  OK  [0m] Reached target Encrypted Volumes.
[    5.031692] systemd[1]: Listening on /dev/initctl Compatibility Named Pipe.
[[0;32m  OK  [0m] Listening on /dev/initctl Compatibility Named Pipe.
[    5.033643] systemd[1]: Listening on udev Kernel Socket.
[[0;32m  OK  [0m] Listening on udev Kernel Socket.
[    5.035297] systemd[1]: Listening on LVM2 metadata daemon socket.
[[0;32m  OK  [0m] Listening on LVM2 metadata daemon socket.
[    5.037331] systemd[1]: Created slice User and Session Slice.
[[0;32m  OK  [0m] Created slice User and Session Slice.
[    5.039156] systemd[1]: Listening on Journal Socket (/dev/log).
[[0;32m  OK  [0m] Listening on Journal Socket (/dev/log).
[    5.041023] systemd[1]: Listening on Journal Audit Socket.
[[0;32m  OK  [0m] Listening on Journal Audit Socket.
[    5.042700] systemd[1]: Listening on fsck to fsckd communication Socket.
[[0;32m  OK  [0m] Listening on fsck to fsckd communication Socket.
[    5.044573] systemd[1]: Reached target System Time Synchronized.
[[0;32m  OK  [0m] Reached target System Time Synchronized.
[    5.046599] systemd[1]: Set up automount Arbitrary Executable File Formats File System Automount Point.
[[0;32m  OK  [0m] Set up automount Arbitrary Executab...ats File System Automount Point.
[    5.049358] systemd[1]: Created slice System Slice.
[[0;32m  OK  [0m] Created slice System Slice.
[    5.050918] systemd[1]: Reached target Slices.
[[0;32m  OK  [0m] Reached target Slices.
[    5.052530] systemd[1]: Created slice system-serial\x2dgetty.slice.
[[0;32m  OK  [0m] Created slice system-serial\x2dgetty.slice.
[    5.054391] systemd[1]: Listening on Journal Socket.
[[0;32m  OK  [0m] Listening on Journal Socket.
[    5.066642] systemd[1]: Starting Uncomplicated firewall...
         Starting Uncomplicated firewall...
[    5.069303] systemd[1]: Mounting POSIX Message Queue File System...
         Mounting POSIX Message Queue File System...
[    5.072500] systemd[1]: Starting Load Kernel Modules...
         Starting Load Kernel Modules...
[    5.078251] systemd[1]: Starting File System Check on Root Device...
         Starting File System Check on Root Device...
[    5.080627] systemd[1]: Mounting Huge Pages File System...
         Mounting Huge Pages File System...
[    5.083174] systemd[1]: Starting Journal Service...
         Starting Journal Service...
[    5.085661] systemd[1]: Starting Nameserver information manager...
         Starting Nameserver information manager...
[    5.088227] systemd[1]: Starting Set console keymap...
         Starting Set console keymap...
[    5.090185] Loading iSCSI transport class v2.0-870.
[    5.093190] systemd[1]: Starting Create list of required static device nodes for the current kernel...
         Starting Create list of required st... nodes for the current kernel...
[    5.097177] systemd[1]: Mounting Debug File System...
         Mounting Debug File System...
[    5.099137] systemd[1]: Listening on Device-mapper event daemon FIFOs.
[[0;32m  OK  [0m] Listening on Device-mapper event daemon FIFOs.
[    5.101588] iscsi: registered transport (tcp)
[    5.102058] systemd[1]: Starting Monitoring of LVM2 mirrors, snapshots etc. using dmeventd or progress polling...
         Starting Monitoring of LVM2 mirrors... dmeventd or progress polling...
[    5.105417] systemd[1]: Reached target Swap.
[[0;32m  OK  [0m] Reached target Swap.
[    5.106878] systemd[1]: Started Trigger resolvconf update for networkd DNS.
[[0;32m  OK  [0m] Started Trigger resolvconf update for networkd DNS.
[    5.109760] systemd[1]: Mounted Huge Pages File System.
[[0;32m  OK  [0m] Mounted Huge Pages File System.
[    5.111498] systemd[1]: Mounted POSIX Message Queue File System.
[[0;32m  OK  [0m] Mounted POSIX Message Queue File System.
[    5.113241] systemd[1]: Mounted Debug File System.
[[0;32m  OK  [0m] Mounted Debug File System.
[    5.115331] systemd[1]: Started Uncomplicated firewall.
[[0;32m  OK  [0m] Started Uncomplicated firewall.
[    5.121179] systemd[1]: Started Create list of required static device nodes for the current kernel.
[[0;32m  OK  [0m] Started Create list of required sta...ce nodes for the current kernel.
[    5.125228] systemd[1]: Started File System Check Daemon to report status.
[[0;32m  OK  [0m] Started File System Check Daemon to report status.
[    5.128730] systemd[1]: Starting Create Static Device Nodes in /dev...
         Starting Create Static Device Nodes in /dev...
[    5.131314] systemd[1]: Started Nameserver information manager.
[[0;32m  OK  [0m] Started Nameserver information manager.
[    5.135678] systemd[1]: Started LVM2 metadata daemon.
[[0;32m  OK  [0m] Started LVM2 metadata daemon.
[    5.142254] systemd[1]: Started File System Check on Root Device.
[[0;32m  OK  [0m] Started File System Check on Root Device.
[    5.144744] systemd[1]: Starting Remount Root and Kernel File Systems...
         Starting Remount Root and Kernel File Systems...
[    5.149079] systemd[1]: Started Journal Service.
[[0;32m  OK  [0m] Started Journal Service.
[    5.151993] EXT4-fs (sda1): re-mounted. Opts: (null)
[[0;32m  OK  [0m] Started Remount Root and Kernel File Systems.
         Starting udev Coldplug all Devices...
         Starting Flush Journal to Persistent Storage...
         Starting Load/Save Random Seed...
[[0;32m  OK  [0m] Started Create Static Device Nodes in /dev.
         Starting udev Kernel Device Manager...
[[0;32m  OK  [0m] Started Load/Save Random Seed.
[    5.169933] systemd-journald[390]: Received request to flush runtime journal from PID 1
[[0;32m  OK  [0m] Started Flush Journal to Persistent Storage.
[    5.190896] iscsi: registered transport (iser)
[[0;32m  OK  [0m] Started Load Kernel Modules.
         Starting Apply Kernel Variables...
         Mounting FUSE Control File System...
[[0;32m  OK  [0m] Mounted FUSE Control File System.
[[0;32m  OK  [0m] Started udev Kernel Device Manager.
[[0;32m  OK  [0m] Started Set console keymap.
[[0;32m  OK  [0m] Started Apply Kernel Variables.
[[0;32m  OK  [0m] Started udev Coldplug all Devices.
[[0;32m  OK  [0m] Started Dispatch Password Requests to Console Directory Watch.
[[0;32m  OK  [0m] Found device /dev/ttyS0.
[[0;32m  OK  [0m] Started Monitoring of LVM2 mirrors,...ng dmeventd or progress polling.
[[0;32m  OK  [0m] Reached target Local File Systems (Pre).
[[0;32m  OK  [0m] Reached target Local File Systems.
         Starting LSB: AppArmor initialization...
         Starting Create Volatile Files and Directories...
         Starting Tell Plymouth To Write Out Runtime Data...
         Starting Initial cloud-init job (pre-networking)...
         Starting Set console font and keymap...
[[0;32m  OK  [0m] Listening on Load/Save RF Kill Switch Status /dev/rfkill Watch.
[[0;32m  OK  [0m] Started Create Volatile Files and Directories.
         Starting Update UTMP about System Boot/Shutdown...
[[0;32m  OK  [0m] Started Tell Plymouth To Write Out Runtime Data.
[[0;32m  OK  [0m] Started Update UTMP about System Boot/Shutdown.
[[0;32m  OK  [0m] Found device 82540EM Gigabit Ethern...r (PRO/1000 MT Desktop Adapter).
[[0;32m  OK  [0m] Started LSB: AppArmor initialization.
         Starting Load AppArmor profiles managed internally by snapd...
[[0;32m  OK  [0m] Started Load AppArmor profiles managed internally by snapd.
[[0;32m  OK  [0m] Started Set console font and keymap.
[[0;32m  OK  [0m] Created slice system-getty.slice.
[    5.977717] cloud-init[534]: Cloud-init v. 21.1-19-gbad84ad4-0ubuntu1~16.04.2 running 'init-local' at Tue, 11 Oct 2022 07:40:43 +0000. Up 5.73 seconds.
[[0;32m  OK  [0m] Started Initial cloud-init job (pre-networking).
[[0;32m  OK  [0m] Reached target Network (Pre).
         Starting Raise network interfaces...
[[0;32m  OK  [0m] Started ifup for enp0s3.
[[0;32m  OK  [0m] Started Raise network interfaces.
         Starting Initial cloud-init job (metadata service crawler)...
[[0;32m  OK  [0m] Reached target Network.
[    6.550392] cloud-init[988]: Cloud-init v. 21.1-19-gbad84ad4-0ubuntu1~16.04.2 running 'init' at Tue, 11 Oct 2022 07:40:44 +0000. Up 6.35 seconds.
[    6.552360] cloud-init[988]: ci-info: ++++++++++++++++++++++++++++++++++++++Net device info++++++++++++++++++++++++++++++++++++++
[    6.553738] cloud-init[988]: ci-info: +--------+------+----------------------------+---------------+--------+-------------------+
[    6.555047] cloud-init[988]: ci-info: | Device |  Up  |          Address           |      Mask     | Scope  |     Hw-Address    |
[    6.556363] cloud-init[988]: ci-info: +--------+------+----------------------------+---------------+--------+-------------------+
[    6.557676] cloud-init[988]: ci-info: | enp0s3 | True |         10.0.2.15          | 255.255.255.0 | global | 02:be:82:6b:cc:1d |
[    6.559030] cloud-init[988]: ci-info: | enp0s3 | True | fe80::be:82ff:fe6b:cc1d/64 |       .       |  link  | 02:be:82:6b:cc:1d |
[    6.560321] cloud-init[988]: ci-info: |   lo   | True |         127.0.0.1          |   255.0.0.0   |  host  |         .         |
[    6.561658] cloud-init[988]: ci-info: |   lo   | True |          ::1/128           |       .       |  host  |         .         |
[    6.562959] cloud-init[988]: ci-info: +--------+------+----------------------------+---------------+--------+-------------------+
[    6.564235] cloud-init[988]: ci-info: +++++++++++++++++++++++++++Route IPv4 info++++++++++++++++++++++++++++
[    6.576852] cloud-init[988]: ci-info: +-------+-------------+----------+---------------+-----------+-------+
[    6.578085] cloud-init[988]: ci-info: | Route | Destination | Gateway  |    Genmask    | Interface | Flags |
[    6.579284] cloud-init[988]: ci-info: +-------+-------------+----------+---------------+-----------+-------+
[    6.588567] cloud-init[988]: ci-info: |   0   |   0.0.0.0   | 10.0.2.2 |    0.0.0.0    |   enp0s3  |   UG  |
[    6.589815] cloud-init[988]: ci-info: |   1   |   10.0.2.0  | 0.0.0.0  | 255.255.255.0 |   enp0s3  |   U   |
[    6.590978] cloud-init[988]: ci-info: +-------+-------------+----------+---------------+-----------+-------+
[    6.592183] cloud-init[988]: ci-info: +++++++++++++++++++Route IPv6 info+++++++++++++++++++
[    6.593201] cloud-init[988]: ci-info: +-------+-------------+---------+-----------+-------+
[    6.594215] cloud-init[988]: ci-info: | Route | Destination | Gateway | Interface | Flags |
[    6.595206] cloud-init[988]: ci-info: +-------+-------------+---------+-----------+-------+
[    6.596227] cloud-init[988]: ci-info: |   0   |  fe80::/64  |    ::   |   enp0s3  |   U   |
[    6.597305] cloud-init[988]: ci-info: |   3   |   ff00::/8  |    ::   |   enp0s3  |   U   |
[    6.598387] cloud-init[988]: ci-info: +-------+-------------+---------+-----------+-------+
[[0;32m  OK  [0m] Started Initial cloud-init job (metadata service crawler).
[[0;32m  OK  [0m] Reached target System Initialization.
[[0;32m  OK  [0m] Started Message of the Day.
[[0;32m  OK  [0m] Listening on D-Bus System Message Bus Socket.
[[0;32m  OK  [0m] Started Ubuntu Advantage Timer for running repeated jobs.
[[0;32m  OK  [0m] Listening on ACPID Listen Socket.
[[0;32m  OK  [0m] Started ACPI Events Check.
[[0;32m  OK  [0m] Reached target Paths.
         Starting LXD - unix socket.
[[0;32m  OK  [0m] Listening on UUID daemon activation socket.
[[0;32m  OK  [0m] Started Daily Cleanup of Temporary Directories.
         Starting Socket activation for snappy daemon.
[[0;32m  OK  [0m] Started Daily apt download activities.
[[0;32m  OK  [0m] Started Daily apt upgrade and clean activities.
[[0;32m  OK  [0m] Reached target Timers.
[[0;32m  OK  [0m] Reached target Network is Online.
         Starting iSCSI initiator daemon (iscsid)...
[[0;32m  OK  [0m] Reached target Cloud-config availability.
[[0;32m  OK  [0m] Listening on LXD - unix socket.
[[0;32m  OK  [0m] Listening on Socket activation for snappy daemon.
[[0;32m  OK  [0m] Reached target Sockets.
[[0;32m  OK  [0m] Reached target Basic System.
[[0;32m  OK  [0m] Started Regular background program processing daemon.
         Starting LSB: MD monitoring daemon...
[[0;32m  OK  [0m] Started FUSE filesystem for LXC.
[[0;32m  OK  [0m] Started ACPI event daemon.
         Starting Message of the Day...
[[0;32m  OK  [0m] Started Deferred execution scheduler.
[[0;32m  OK  [0m] Started D-Bus System Message Bus.
         Starting Virtualbox guest utils...
         Starting LSB: Record successful boot for GRUB...
         Starting System Logging Service...
         Starting OpenBSD Secure Shell server...
         Starting Accounts Service...
         Starting /etc/rc.local Compatibility...
         Starting Snap Daemon...
         Starting Login Service...
         Starting LXD - container startup/shutdown...
[[0;32m  OK  [0m] Started iSCSI initiator daemon (iscsid).
[[0;32m  OK  [0m] Started Message of the Day.
[[0;32m  OK  [0m] Started /etc/rc.local Compatibility.
[[0;32m  OK  [0m] Started System Logging Service.
[[0;32m  OK  [0m] Started Login Service.
[[0;32m  OK  [0m] Started Unattended Upgrades Shutdown.
         Starting Login to default iSCSI targets...
[[0;32m  OK  [0m] Started LSB: Record successful boot for GRUB.
[[0;32m  OK  [0m] Started LSB: MD monitoring daemon.
         Starting Authenticate and Authorize Users to Run Privileged Tasks...
[[0;32m  OK  [0m] Started Login to default iSCSI targets.
[[0;32m  OK  [0m] Reached target Remote File Systems (Pre).
         Mounting /vagrant...
         Mounting /home/vagrant/workspace...
[[0;32m  OK  [0m] Started OpenBSD Secure Shell server.
[[0;32m  OK  [0m] Started Virtualbox guest utils.
[[0;32m  OK  [0m] Mounted /home/vagrant/workspace.
[[0;32m  OK  [0m] Mounted /vagrant.
[[0;32m  OK  [0m] Reached target Remote File Systems.
         Starting LSB: daemon to balance interrupts for SMP systems...
         Starting LSB: automatic crash report generation...
         Starting LSB: Set the CPU Frequency Scaling governor to "ondemand"...
         Starting Permit User Sessions...
[[0;32m  OK  [0m] Started Permit User Sessions.
         Starting Terminate Plymouth Boot Screen...
         Starting Hold until boot process finishes up...
[[0;32m  OK  [0m] Started Hold until boot process finishes up.
         Starting Set console scheme...
[[0;32m  OK  [0m] Started Getty on tty1.
[[0;32m  OK  [0m] Started Serial Getty on ttyS0.
[[0;32m  OK  [0m] Reached target Login Prompts.
[[0;32m  OK  [0m] Started Set console scheme.
[[0;32m  OK  [0m] Started Authenticate and Authorize Users to Run Privileged Tasks.
[[0;32m  OK  [0m] Started Terminate Plymouth Boot Screen.
[[0;32m  OK  [0m] Started Accounts Service.
[[0;32m  OK  [0m] Started LSB: Set the CPU Frequency Scaling governor to "ondemand".
[[0;32m  OK  [0m] Started LSB: daemon to balance interrupts for SMP systems.
[[0;32m  OK  [0m] Started LSB: automatic crash report generation.
[[0;32m  OK  [0m] Started LXD - container startup/shutdown.
[[0;32m  OK  [0m] Started Snap Daemon.
         Starting Wait until snapd is fully seeded...
[[0;32m  OK  [0m] Started Wait until snapd is fully seeded.
         Starting Apply the settings specified in cloud-config...
[    7.323914] cloud-init[1253]: Cloud-init v. 21.1-19-gbad84ad4-0ubuntu1~16.04.2 running 'modules:config' at Tue, 11 Oct 2022 07:40:45 +0000. Up 7.25 seconds.
[[0;32m  OK  [0m] Started Apply the settings specified in cloud-config.
         Starting cloud-id shim...
[[0;32m  OK  [0m] Started cloud-id shim.
[[0;32m  OK  [0m] Reached target Multi-User System.
         Starting Execute cloud user/final scripts...
[[0;32m  OK  [0m] Reached target Graphical Interface.
         Starting Update UTMP about System Runlevel Changes...
[[0;32m  OK  [0m] Started Update UTMP about System Runlevel Changes.
[    7.890890] cloud-init[1268]: Cloud-init v. 21.1-19-gbad84ad4-0ubuntu1~16.04.2 running 'modules:final' at Tue, 11 Oct 2022 07:40:45 +0000. Up 7.81 seconds.
[    7.892803] cloud-init[1268]: Cloud-init v. 21.1-19-gbad84ad4-0ubuntu1~16.04.2 finished at Tue, 11 Oct 2022 07:40:45 +0000. Datasource DataSourceNoCloud [seed=/dev/sdb][dsmode=net].  Up 7.88 seconds
[[0;32m  OK  [0m] Started Execute cloud user/final scripts.
         Starting Daily apt download activities...
[[0;32m  OK  [0m] Reached target Cloud-init target.

Ubuntu 16.04.7 LTS ubuntu-xenial ttyS0

ubuntu-xenial login: 