[    0.000000] Initializing cgroup subsys cpuset
[    0.000000] Initializing cgroup subsys cpu
[    0.000000] Initializing cgroup subsys cpuacct
[    0.000000] Linux version 4.4.0-210-generic (buildd@lgw01-amd64-009) (gcc version 5.4.0 20160609 (Ubuntu 5.4.0-6ubuntu1~16.04.12) ) #242-Ubuntu SMP Fri Apr 16 09:57:56 UTC 2021 (Ubuntu 4.4.0-210.242-generic 4.4.262)
[    0.000000] Command line: BOOT_IMAGE=/boot/vmlinuz-4.4.0-210-generic root=LABEL=cloudimg-rootfs ro console=tty1 console=ttyS0
[    0.000000] KERNEL supported cpus:
[    0.000000]   Intel GenuineIntel
[    0.000000]   AMD AuthenticAMD
[    0.000000]   Centaur CentaurHauls
[    0.000000] [Firmware Bug]: TSC doesn't count with P0 frequency!
[    0.000000] x86/fpu: xstate_offset[2]:  576, xstate_sizes[2]:  256
[    0.000000] x86/fpu: Supporting XSAVE feature 0x01: 'x87 floating point registers'
[    0.000000] x86/fpu: Supporting XSAVE feature 0x02: 'SSE registers'
[    0.000000] x86/fpu: Supporting XSAVE feature 0x04: 'AVX registers'
[    0.000000] x86/fpu: Enabled xstate features 0x7, context size is 832 bytes, using 'standard' format.
[    0.000000] e820: BIOS-provided physical RAM map:
[    0.000000] BIOS-e820: [mem 0x0000000000000000-0x000000000009fbff] usable
[    0.000000] BIOS-e820: [mem 0x000000000009fc00-0x000000000009ffff] reserved
[    0.000000] BIOS-e820: [mem 0x00000000000f0000-0x00000000000fffff] reserved
[    0.000000] BIOS-e820: [mem 0x0000000000100000-0x000000003ffeffff] usable
[    0.000000] BIOS-e820: [mem 0x000000003fff0000-0x000000003fffffff] ACPI data
[    0.000000] BIOS-e820: [mem 0x00000000fec00000-0x00000000fec00fff] reserved
[    0.000000] BIOS-e820: [mem 0x00000000fee00000-0x00000000fee00fff] reserved
[    0.000000] BIOS-e820: [mem 0x00000000fffc0000-0x00000000ffffffff] reserved
[    0.000000] NX (Execute Disable) protection: active
[    0.000000] SMBIOS 2.5 present.
[    0.000000] Hypervisor detected: KVM
[    0.000000] Kernel/User page tables isolation: disabled
[    0.000000] e820: last_pfn = 0x3fff0 max_arch_pfn = 0x400000000
[    0.000000] MTRR: Disabled
[    0.000000] x86/PAT: MTRRs disabled, skipping PAT initialization too.
[    0.000000] CPU MTRRs all blank - virtualized system.
[    0.000000] x86/PAT: Configuration [0-7]: WB  WT  UC- UC  WB  WT  UC- UC  
[    0.000000] found SMP MP-table at [mem 0x0009fff0-0x0009ffff] mapped at [ffff88000009fff0]
[    0.000000] Scanning 1 areas for low memory corruption
[    0.000000] RAMDISK: [mem 0x362dc000-0x37165fff]
[    0.000000] ACPI: Early table checksum verification disabled
[    0.000000] ACPI: RSDP 0x00000000000E0000 000024 (v02 VBOX  )
[    0.000000] ACPI: XSDT 0x000000003FFF0030 00003C (v01 VBOX   VBOXXSDT 00000001 ASL  00000061)
[    0.000000] ACPI: FACP 0x000000003FFF00F0 0000F4 (v04 VBOX   VBOXFACP 00000001 ASL  00000061)
[    0.000000] ACPI: DSDT 0x000000003FFF0470 002325 (v02 VBOX   VBOXBIOS 00000002 INTL 20100528)
[    0.000000] ACPI: FACS 0x000000003FFF0200 000040
[    0.000000] ACPI: FACS 0x000000003FFF0200 000040
[    0.000000] ACPI: APIC 0x000000003FFF0240 00005C (v02 VBOX   VBOXAPIC 00000001 ASL  00000061)
[    0.000000] ACPI: SSDT 0x000000003FFF02A0 0001CC (v01 VBOX   VBOXCPUT 00000002 INTL 20100528)
[    0.000000] No NUMA configuration found
[    0.000000] Faking a node at [mem 0x0000000000000000-0x000000003ffeffff]
[    0.000000] NODE_DATA(0) allocated [mem 0x3ffeb000-0x3ffeffff]
[    0.000000] kvm-clock: Using msrs 4b564d01 and 4b564d00
[    0.000000] kvm-clock: cpu 0, msr 0:3ffe3001, primary cpu clock
[    0.000000] kvm-clock: using sched offset of 3165470881 cycles
[    0.000000] clocksource: kvm-clock: mask: 0xffffffffffffffff max_cycles: 0x1cd42e4dffb, max_idle_ns: 881590591483 ns
[    0.000000] Zone ranges:
[    0.000000]   DMA      [mem 0x0000000000001000-0x0000000000ffffff]
[    0.000000]   DMA32    [mem 0x0000000001000000-0x000000003ffeffff]
[    0.000000]   Normal   empty
[    0.000000]   Device   empty
[    0.000000] Movable zone start for each node
[    0.000000] Early memory node ranges
[    0.000000]   node   0: [mem 0x0000000000001000-0x000000000009efff]
[    0.000000]   node   0: [mem 0x0000000000100000-0x000000003ffeffff]
[    0.000000] Initmem setup node 0 [mem 0x0000000000001000-0x000000003ffeffff]
[    0.000000] ACPI: PM-Timer IO Port: 0x4008
[    0.000000] IOAPIC[0]: apic_id 2, version 32, address 0xfec00000, GSI 0-23
[    0.000000] ACPI: INT_SRC_OVR (bus 0 bus_irq 0 global_irq 2 dfl dfl)
[    0.000000] ACPI: INT_SRC_OVR (bus 0 bus_irq 9 global_irq 9 low level)
[    0.000000] Using ACPI (MADT) for SMP configuration information
[    0.000000] smpboot: Allowing 2 CPUs, 0 hotplug CPUs
[    0.000000] PM: Registered nosave memory: [mem 0x00000000-0x00000fff]
[    0.000000] PM: Registered nosave memory: [mem 0x0009f000-0x0009ffff]
[    0.000000] PM: Registered nosave memory: [mem 0x000a0000-0x000effff]
[    0.000000] PM: Registered nosave memory: [mem 0x000f0000-0x000fffff]
[    0.000000] e820: [mem 0x40000000-0xfebfffff] available for PCI devices
[    0.000000] Booting paravirtualized kernel on KVM
[    0.000000] clocksource: refined-jiffies: mask: 0xffffffff max_cycles: 0xffffffff, max_idle_ns: 7645519600211568 ns
[    0.000000] setup_percpu: NR_CPUS:512 nr_cpumask_bits:512 nr_cpu_ids:2 nr_node_ids:1
[    0.000000] PERCPU: Embedded 33 pages/cpu @ffff88003fc00000 s95192 r8192 d31784 u1048576
[    0.000000] Built 1 zonelists in Node order, mobility grouping on.  Total pages: 257912
[    0.000000] Policy zone: DMA32
[    0.000000] Kernel command line: BOOT_IMAGE=/boot/vmlinuz-4.4.0-210-generic root=LABEL=cloudimg-rootfs ro console=tty1 console=ttyS0
[    0.000000] PID hash table entries: 4096 (order: 3, 32768 bytes)
[    0.000000] Memory: 997792K/1048120K available (8644K kernel code, 1332K rwdata, 4044K rodata, 1492K init, 1164K bss, 50328K reserved, 0K cma-reserved)
[    0.000000] SLUB: HWalign=64, Order=0-3, MinObjects=0, CPUs=2, Nodes=1
[    0.000000] Hierarchical RCU implementation.
[    0.000000] 	Build-time adjustment of leaf fanout to 64.
[    0.000000] 	RCU restricting CPUs from NR_CPUS=512 to nr_cpu_ids=2.
[    0.000000] RCU: Adjusting geometry for rcu_fanout_leaf=64, nr_cpu_ids=2
[    0.000000] NR_IRQS:33024 nr_irqs:440 16
[    0.000000] Console: colour VGA+ 80x25
[    0.000000] console [tty1] enabled
[    0.000000] console [ttyS0] enabled
[    0.000000] tsc: Detected 3700.004 MHz processor
[    0.118515] Calibrating delay loop (skipped) preset value.. 7400.00 BogoMIPS (lpj=14800016)
[    0.119909] pid_max: default: 32768 minimum: 301
[    0.120731] ACPI: Core revision 20150930
[    0.122254] ACPI: 2 ACPI AML tables successfully acquired and loaded
[    0.123312] Security Framework initialized
[    0.123990] Yama: becoming mindful.
[    0.124633] AppArmor: AppArmor initialized
[    0.125363] Dentry cache hash table entries: 131072 (order: 8, 1048576 bytes)
[    0.126512] Inode-cache hash table entries: 65536 (order: 7, 524288 bytes)
[    0.128659] Mount-cache hash table entries: 2048 (order: 2, 16384 bytes)
[    0.129720] Mountpoint-cache hash table entries: 2048 (order: 2, 16384 bytes)
[    0.130926] Initializing cgroup subsys io
[    0.131603] Initializing cgroup subsys memory
[    0.132312] Initializing cgroup subsys devices
[    0.133028] Initializing cgroup subsys freezer
[    0.133788] Initializing cgroup subsys net_cls
[    0.134518] Initializing cgroup subsys perf_event
[    0.135289] Initializing cgroup subsys net_prio
[    0.136043] Initializing cgroup subsys hugetlb
[    0.136792] Initializing cgroup subsys pids
[    0.143045] mce: CPU supports 0 MCE banks
[    0.144000] Last level iTLB entries: 4KB 1024, 2MB 1024, 4MB 512
[    0.144938] Last level dTLB entries: 4KB 1536, 2MB 1536, 4MB 768, 1GB 0
[    0.145935] Spectre V1 : Mitigation: usercopy/swapgs barriers and __user pointer sanitization
[    0.147286] Spectre V2 : Spectre mitigation: LFENCE not serializing, switching to generic retpoline
[    0.148680] Spectre V2 : Mitigation: Full generic retpoline
[    0.149529] Spectre V2 : Spectre v2 / SpectreRSB mitigation: Filling RSB on context switch
[    0.153046] Freeing SMP alternatives memory: 36K
[    0.159455] ftrace: allocating 32380 entries in 127 pages
[    0.219080] smpboot: APIC(0) Converting physical 0 to logical package 0
[    0.220194] smpboot: Max logical packages: 1
[    0.221133] x2apic enabled
[    0.221953] Switched APIC routing to physical x2apic.
[    0.223933] ..TIMER: vector=0x30 apic1=0 pin1=2 apic2=-1 pin2=-1
[    0.332926] APIC calibration not consistent with PM-Timer: 102ms instead of 100ms
[    0.334248] APIC delta adjusted to PM-Timer: 6446554 (6629296)
[    0.335276] smpboot: CPU0: AMD Ryzen 5 1600X Six-Core Processor (family: 0x17, model: 0x1, stepping: 0x1)
[    0.336999] Performance Events: Broken PMU hardware detected, using software events only.
[    0.338404] Failed to access perfctr msr (MSR c0010007 is 0)
[    0.345315] KVM setup paravirtual spinlock
[    0.346680] x86: Booting SMP configuration:
[    0.347393] .... node  #0, CPUs:      #1
[    0.348170] kvm-clock: cpu 1, msr 0:3ffe3041, secondary cpu clock
[    0.354235] mce: CPU supports 0 MCE banks
[    0.356689] x86: Booted up 1 node, 2 CPUs
[    0.357580] smpboot: Total of 2 processors activated (14800.01 BogoMIPS)
[    0.358965] devtmpfs: initialized
[    0.361067] evm: security.selinux
[    0.361691] evm: security.SMACK64
[    0.362327] evm: security.SMACK64EXEC
[    0.362973] evm: security.SMACK64TRANSMUTE
[    0.363665] evm: security.SMACK64MMAP
[    0.364312] evm: security.ima
[    0.364881] evm: security.capability
[    0.366890] clocksource: jiffies: mask: 0xffffffff max_cycles: 0xffffffff, max_idle_ns: 7645041785100000 ns
[    0.368466] futex hash table entries: 512 (order: 3, 32768 bytes)
[    0.369493] pinctrl core: initialized pinctrl subsystem
[    0.370424] RTC time: 18:03:52, date: 11/02/22
[    0.371387] NET: Registered protocol family 16
[    0.383652] cpuidle: using governor ladder
[    0.397499] cpuidle: using governor menu
[    0.398221] PCCT header not found.
[    0.399080] ACPI: bus type PCI registered
[    0.399802] acpiphp: ACPI Hot Plug PCI Controller Driver version: 0.5
[    0.400903] PCI: Using configuration type 1 for base access
[    0.401780] PCI: Using configuration type 1 for extended access
[    0.417225] ACPI: Added _OSI(Module Device)
[    0.417948] ACPI: Added _OSI(Processor Device)
[    0.418688] ACPI: Added _OSI(3.0 _SCP Extensions)
[    0.419498] ACPI: Added _OSI(Processor Aggregator Device)
[    0.420837] ACPI: Executed 1 blocks of module-level executable AML code
[    0.423489] ACPI: Interpreter enabled
[    0.424161] ACPI: (supports S0 S5)
[    0.424778] ACPI: Using IOAPIC for interrupt routing
[    0.425712] PCI: Using host bridge windows from ACPI; if necessary, use "pci=nocrs" and report a bug
[    0.430018] ACPI: PCI Root Bridge [PCI0] (domain 0000 [bus 00-ff])
[    0.431013] acpi PNP0A03:00: _OSC: OS supports [ExtendedConfig ASPM ClockPM Segments MSI]
[    0.432887] acpi PNP0A03:00: _OSC: platform does not support [PCIeCapability]
[    0.434264] acpi PNP0A03:00: _OSC: not requesting control; platform does not support [PCIeCapability]
[    0.435773] acpi PNP0A03:00: _OSC: OS requested [PCIeHotplug PME AER PCIeCapability]
[    0.437114] acpi PNP0A03:00: _OSC: platform willing to grant [PCIeHotplug PME AER]
[    0.438457] acpi PNP0A03:00: _OSC failed (AE_SUPPORT); disabling ASPM
[    0.439744] PCI host bridge to bus 0000:00
[    0.448218] pci_bus 0000:00: root bus resource [io  0x0000-0x0cf7 window]
[    0.449341] pci_bus 0000:00: root bus resource [io  0x0d00-0xffff window]
[    0.450493] pci_bus 0000:00: root bus resource [mem 0x000a0000-0x000bffff window]
[    0.451816] pci_bus 0000:00: root bus resource [mem 0x40000000-0xfdffffff window]
[    0.453182] pci_bus 0000:00: root bus resource [bus 00-ff]
[    0.455636] pci 0000:00:01.1: legacy IDE quirk: reg 0x10: [io  0x01f0-0x01f7]
[    0.456715] pci 0000:00:01.1: legacy IDE quirk: reg 0x14: [io  0x03f6]
[    0.457711] pci 0000:00:01.1: legacy IDE quirk: reg 0x18: [io  0x0170-0x0177]
[    0.458812] pci 0000:00:01.1: legacy IDE quirk: reg 0x1c: [io  0x0376]
[    0.468386] pci 0000:00:07.0: quirk: [io  0x4000-0x403f] claimed by PIIX4 ACPI
[    0.469718] pci 0000:00:07.0: quirk: [io  0x4100-0x410f] claimed by PIIX4 SMB
[    0.473828] ACPI: PCI Interrupt Link [LNKA] (IRQs 5 9 10 *11)
[    0.475339] ACPI: PCI Interrupt Link [LNKB] (IRQs 5 9 *10 11)
[    0.476679] ACPI: PCI Interrupt Link [LNKC] (IRQs 5 *9 10 11)
[    0.477968] ACPI: PCI Interrupt Link [LNKD] (IRQs 5 9 10 *11)
[    0.479302] ACPI: Enabled 2 GPEs in block 00 to 07
[    0.480395] vgaarb: setting as boot device: PCI:0000:00:02.0
[    0.481258] vgaarb: device added: PCI:0000:00:02.0,decodes=io+mem,owns=io+mem,locks=none
[    0.482559] vgaarb: loaded
[    0.483080] vgaarb: bridge control possible 0000:00:02.0
[    0.484132] SCSI subsystem initialized
[    0.484906] ACPI: bus type USB registered
[    0.485619] usbcore: registered new interface driver usbfs
[    0.486542] usbcore: registered new interface driver hub
[    0.487405] usbcore: registered new device driver usb
[    0.488489] PCI: Using ACPI for IRQ routing
[    0.489468] NetLabel: Initializing
[    0.490087] NetLabel:  domain hash size = 128
[    0.490837] NetLabel:  protocols = UNLABELED CIPSOv4
[    0.491648] NetLabel:  unlabeled traffic allowed by default
[    0.492673] amd_nb: Cannot enumerate AMD northbridges
[    0.493527] clocksource: Switched to clocksource kvm-clock
[    0.501317] AppArmor: AppArmor Filesystem Enabled
[    0.502259] pnp: PnP ACPI init
[    0.503496] pnp: PnP ACPI: found 3 devices
[    0.512592] clocksource: acpi_pm: mask: 0xffffff max_cycles: 0xffffff, max_idle_ns: 2085701024 ns
[    0.514141] NET: Registered protocol family 2
[    0.514985] TCP established hash table entries: 8192 (order: 4, 65536 bytes)
[    0.516064] TCP bind hash table entries: 8192 (order: 5, 131072 bytes)
[    0.517121] TCP: Hash tables configured (established 8192 bind 8192)
[    0.518156] UDP hash table entries: 512 (order: 2, 16384 bytes)
[    0.519108] UDP-Lite hash table entries: 512 (order: 2, 16384 bytes)
[    0.520117] NET: Registered protocol family 1
[    0.520866] pci 0000:00:00.0: Limiting direct PCI/PCI transfers
[    0.521854] pci 0000:00:01.0: Activating ISA DMA hang workarounds
[    0.524076] Unpacking initramfs...
[    0.719237] Freeing initrd memory: 14888K
[    0.720167] clocksource: tsc: mask: 0xffffffffffffffff max_cycles: 0x6aaab41c729, max_idle_ns: 881591026156 ns
[    0.721764] platform rtc_cmos: registered platform RTC device (no PNP device found)
[    0.723061] Scanning for low memory corruption every 60 seconds
[    0.724512] audit: initializing netlink subsys (disabled)
[    0.725428] audit: type=2000 audit(1667412237.697:1): initialized
[    0.726626] Initialise system trusted keyring
[    0.727547] HugeTLB registered 2 MB page size, pre-allocated 0 pages
[    0.729475] zbud: loaded
[    0.731346] VFS: Disk quotas dquot_6.6.0
[    0.732141] VFS: Dquot-cache hash table entries: 512 (order 0, 4096 bytes)
[    0.733564] squashfs: version 4.0 (2009/01/31) Phillip Lougher
[    0.734765] fuse init (API version 7.23)
[    0.735582] Key type big_key registered
[    0.736263] Allocating IMA MOK and blacklist keyrings.
[    0.738393] Key type asymmetric registered
[    0.739088] Asymmetric key parser 'x509' registered
[    0.739894] Block layer SCSI generic (bsg) driver version 0.4 loaded (major 249)
[    0.741197] io scheduler noop registered
[    0.741895] io scheduler deadline registered (default)
[    0.742774] io scheduler cfq registered
[    0.743510] pci_hotplug: PCI Hot Plug PCI Core version: 0.5
[    0.744408] pciehp: PCI Express Hot Plug Controller Driver version: 0.4
[    0.745515] ACPI: AC Adapter [AC] (on-line)
[    0.746276] input: Power Button as /devices/LNXSYSTM:00/LNXPWRBN:00/input/input0
[    0.747618] ACPI: Power Button [PWRF]
[    0.748312] input: Sleep Button as /devices/LNXSYSTM:00/LNXSLPBN:00/input/input1
[    0.749643] ACPI: Sleep Button [SLPF]
[    0.750489] GHES: HEST is not enabled!
[    0.751265] Serial: 8250/16550 driver, 32 ports, IRQ sharing enabled
[    0.772772] 00:02: ttyS0 at I/O 0x3f8 (irq = 4, base_baud = 115200) is a 16550A
[    0.776520] Linux agpgart interface v0.103
[    0.779007] loop: module loaded
[    0.780036] scsi host0: ata_piix
[    0.780764] scsi host1: ata_piix
[    0.781377] ata1: PATA max UDMA/33 cmd 0x1f0 ctl 0x3f6 bmdma 0xd000 irq 14
[    0.782439] ata2: PATA max UDMA/33 cmd 0x170 ctl 0x376 bmdma 0xd008 irq 15
[    0.783649] libphy: Fixed MDIO Bus: probed
[    0.784673] tun: Universal TUN/TAP device driver, 1.6
[    0.785759] tun: (C) 1999-2004 Max Krasnyansky <maxk@qualcomm.com>
[    0.787173] PPP generic driver version 2.4.2
[    0.787992] ehci_hcd: USB 2.0 'Enhanced' Host Controller (EHCI) Driver
[    0.789041] ehci-pci: EHCI PCI platform driver
[    0.790003] ehci-platform: EHCI generic platform driver
[    0.790849] ohci_hcd: USB 1.1 'Open' Host Controller (OHCI) Driver
[    0.791822] ohci-pci: OHCI PCI platform driver
[    0.792591] ohci-platform: OHCI generic platform driver
[    0.793414] uhci_hcd: USB Universal Host Controller Interface driver
[    0.794692] i8042: PNP: PS/2 Controller [PNP0303:PS2K,PNP0f03:PS2M] at 0x60,0x64 irq 1,12
[    0.796461] serio: i8042 KBD port at 0x60,0x64 irq 1
[    0.797268] serio: i8042 AUX port at 0x60,0x64 irq 12
[    0.798511] mousedev: PS/2 mouse device common for all mice
[    0.800011] input: AT Translated Set 2 keyboard as /devices/platform/i8042/serio0/input/input2
[    0.802188] rtc_cmos rtc_cmos: rtc core: registered rtc_cmos as rtc0
[    0.803292] rtc_cmos rtc_cmos: alarms up to one day, 114 bytes nvram
[    0.804342] i2c /dev entries driver
[    0.805029] device-mapper: uevent: version 1.0.3
[    0.805896] device-mapper: ioctl: 4.34.0-ioctl (2015-10-28) initialised: dm-devel@redhat.com
[    0.807419] ledtrig-cpu: registered to indicate activity on CPUs
[    0.809247] NET: Registered protocol family 10
[    0.810293] NET: Registered protocol family 17
[    0.811353] Key type dns_resolver registered
[    0.812686] registered taskstats version 1
[    0.813545] Loading compiled-in X.509 certificates
[    0.814975] Loaded X.509 cert 'Build time autogenerated kernel key: cf00e047681d67edb2720680708b7d9498083038'
[    0.816581] zswap: loaded using pool lzo/zbud
[    0.818951] Key type trusted registered
[    0.822388] Key type encrypted registered
[    0.823129] AppArmor: AppArmor sha1 policy hashing enabled
[    0.824279] ima: No TPM chip found, activating TPM-bypass!
[    0.825412] ima: Allocated hash algorithm: sha1
[    0.826384] evm: HMAC attrs: 0x1
[    0.827379]   Magic number: 14:602:88
[    0.828249] rtc_cmos rtc_cmos: setting system clock to 2022-11-02 18:03:53 UTC (1667412233)
[    0.830091] BIOS EDD facility v0.16 2004-Jun-25, 0 devices found
[    0.831097] EDD information not available.
[    1.006589] Freeing unused kernel memory: 1492K
[    1.007409] Write protecting the kernel read-only data: 14336k
[    1.008746] Freeing unused kernel memory: 1584K
[    1.009789] Freeing unused kernel memory: 52K
Loading, please wait...
starting version 229
[    1.021556] random: systemd-udevd: uninitialized urandom read (16 bytes read, 4 bits of entropy available)
[    1.022121] random: udevadm: uninitialized urandom read (16 bytes read, 4 bits of entropy available)
[    1.022137] random: udevadm: uninitialized urandom read (16 bytes read, 4 bits of entropy available)
[    1.027538] random: systemd-udevd: uninitialized urandom read (16 bytes read, 4 bits of entropy available)
[    1.029245] random: systemd-udevd: uninitialized urandom read (16 bytes read, 4 bits of entropy available)
[    1.029597] random: udevadm: uninitialized urandom read (16 bytes read, 4 bits of entropy available)
[    1.029682] random: udevadm: uninitialized urandom read (16 bytes read, 4 bits of entropy available)
[    1.029819] random: udevadm: uninitialized urandom read (16 bytes read, 4 bits of entropy available)
[    1.029860] random: udevadm: uninitialized urandom read (16 bytes read, 4 bits of entropy available)
[    1.029902] random: udevadm: uninitialized urandom read (16 bytes read, 4 bits of entropy available)
[    1.065545] Fusion MPT base driver 3.04.20
[    1.066654] Copyright (c) 1999-2008 LSI Corporation
[    1.067872] e1000: Intel(R) PRO/1000 Network Driver - version 7.3.21-k8-NAPI
[    1.069183] e1000: Copyright (c) 1999-2006 Intel Corporation.
[    1.073277] Fusion MPT SPI Host driver 3.04.20
[    1.092187] AVX2 version of gcm_enc/dec engaged.
[    1.093183] AES CTR mode by8 optimization enabled
[    1.282843] input: ImExPS/2 Generic Explorer Mouse as /devices/platform/i8042/serio1/input/input4
[    1.533866] e1000 0000:00:03.0 eth0: (PCI:33MHz:32-bit) 02:be:82:6b:cc:1d
[    1.535028] e1000 0000:00:03.0 eth0: Intel(R) PRO/1000 Network Connection
[    1.536761] mptbase: ioc0: Initiating bringup
[    1.536885] e1000 0000:00:03.0 enp0s3: renamed from eth0
[    1.601964] ioc0: LSI53C1030 A0: Capabilities={Initiator}
[    1.762721] scsi host2: ioc0: LSI53C1030 A0, FwRev=00000000h, Ports=1, MaxQ=256, IRQ=20
[    1.873950] scsi 2:0:0:0: Direct-Access     VBOX     HARDDISK         1.0  PQ: 0 ANSI: 5
[    1.882993] scsi target2:0:0: Beginning Domain Validation
[    1.884478] scsi target2:0:0: Domain Validation skipping write tests
[    1.885446] scsi target2:0:0: Ending Domain Validation
[    1.886312] scsi target2:0:0: asynchronous
[    1.887295] scsi 2:0:1:0: Direct-Access     VBOX     HARDDISK         1.0  PQ: 0 ANSI: 5
[    1.888653] scsi target2:0:1: Beginning Domain Validation
[    1.890056] scsi target2:0:1: Domain Validation skipping write tests
[    1.891030] scsi target2:0:1: Ending Domain Validation
[    1.891912] scsi target2:0:1: asynchronous
[    1.898407] sd 2:0:0:0: [sda] 83886080 512-byte logical blocks: (42.9 GB/40.0 GiB)
[    1.899714] sd 2:0:0:0: Attached scsi generic sg0 type 0
[    1.900895] sd 2:0:1:0: [sdb] 20480 512-byte logical blocks: (10.5 MB/10.0 MiB)
[    1.900963] sd 2:0:0:0: [sda] Write Protect is off
[    1.903036] sd 2:0:0:0: [sda] Incomplete mode parameter data
[    1.903129] sd 2:0:1:0: [sdb] Write Protect is off
[    1.903192] sd 2:0:1:0: [sdb] Incomplete mode parameter data
[    1.903193] sd 2:0:1:0: [sdb] Assuming drive cache: write through
[    1.905951] sd 2:0:1:0: Attached scsi generic sg1 type 0
[    1.907663] sd 2:0:0:0: [sda] Assuming drive cache: write through
[    1.911153]  sda: sda1
[    1.912251] sd 2:0:0:0: [sda] Attached SCSI disk
[    1.912454] sd 2:0:1:0: [sdb] Attached SCSI disk
Begin: Loading essential drivers ... [    3.208322] md: linear personality registered for level -1
[    3.210849] md: multipath personality registered for level -4
[    3.213270] md: raid0 personality registered for level 0
[    3.216382] md: raid1 personality registered for level 1
[    3.286292] raid6: sse2x1   gen()  7655 MB/s
[    3.353660] raid6: sse2x1   xor()  7579 MB/s
[    3.422038] raid6: sse2x2   gen() 15946 MB/s
[    3.489533] raid6: sse2x2   xor() 10273 MB/s
[    3.557768] raid6: sse2x4   gen() 15835 MB/s
[    3.626132] raid6: sse2x4   xor()  9500 MB/s
[    3.694464] raid6: avx2x1   gen() 17541 MB/s
[    3.761893] raid6: avx2x2   gen() 22041 MB/s
[    3.830236] raid6: avx2x4   gen() 22665 MB/s
[    3.830964] raid6: using algorithm avx2x4 gen() 22665 MB/s
[    3.831833] raid6: using avx2x2 recovery algorithm
[    3.833598] xor: automatically using best checksumming function:
[    3.874149]    avx       : 14608.000 MB/sec
[    3.875701] async_tx: api initialized (async)
[    3.883023] md: raid6 personality registered for level 6
[    3.883920] md: raid5 personality registered for level 5
[    3.884760] md: raid4 personality registered for level 4
[    3.890003] md: raid10 personality registered for level 10
done.
Begin: Running /scripts/init-premount ... done.
Begin: Mounting root file system ... Begin: Running /scripts/local-top ... done.
Begin: Running /scripts/local-premount ... [    3.913947] Btrfs loaded
Scanning for Btrfs filesystems
done.
Warning: fsck not present, so skipping root file system
[    3.938773] EXT4-fs (sda1): INFO: recovery required on readonly filesystem
[    3.939849] EXT4-fs (sda1): write access will be enabled during recovery
[    4.012826] EXT4-fs (sda1): recovery complete
[    4.013721] EXT4-fs (sda1): mounted filesystem with ordered data mode. Opts: (null)
done.
Begin: Running /scripts/local-bottom ... done.
Begin: Running /scripts/init-bottom ... done.
[    4.090795] systemd[1]: systemd 229 running in system mode. (+PAM +AUDIT +SELINUX +IMA +APPARMOR +SMACK +SYSVINIT +UTMP +LIBCRYPTSETUP +GCRYPT +GNUTLS +ACL +XZ -LZ4 +SECCOMP +BLKID +ELFUTILS +KMOD -IDN)
[    4.094220] systemd[1]: Detected virtualization oracle.
[    4.095172] systemd[1]: Detected architecture x86-64.

Welcome to [1mUbuntu 16.04.7 LTS[0m!

[    4.097572] systemd[1]: Set hostname to <ubuntu-xenial>.
[    4.208889] systemd[1]: Listening on Journal Socket (/dev/log).
[[0;32m  OK  [0m] Listening on Journal Socket (/dev/log).
[    4.210924] systemd[1]: Created slice User and Session Slice.
[[0;32m  OK  [0m] Created slice User and Session Slice.
[    4.212653] systemd[1]: Reached target Swap.
[[0;32m  OK  [0m] Reached target Swap.
[    4.214237] systemd[1]: Set up automount Arbitrary Executable File Formats File System Automount Point.
[[0;32m  OK  [0m] Set up automount Arbitrary Executab...ats File System Automount Point.
[    4.216828] systemd[1]: Reached target User and Group Name Lookups.
[[0;32m  OK  [0m] Reached target User and Group Name Lookups.
[    4.218664] systemd[1]: Listening on Device-mapper event daemon FIFOs.
[[0;32m  OK  [0m] Listening on Device-mapper event daemon FIFOs.
[    4.220564] systemd[1]: Listening on udev Kernel Socket.
[[0;32m  OK  [0m] Listening on udev Kernel Socket.
[    4.222428] systemd[1]: Listening on fsck to fsckd communication Socket.
[[0;32m  OK  [0m] Listening on fsck to fsckd communication Socket.
[    4.224422] systemd[1]: Listening on Journal Audit Socket.
[[0;32m  OK  [0m] Listening on Journal Audit Socket.
[    4.226298] systemd[1]: Listening on Journal Socket.
[[0;32m  OK  [0m] Listening on Journal Socket.
[    4.227905] systemd[1]: Listening on LVM2 metadata daemon socket.
[[0;32m  OK  [0m] Listening on LVM2 metadata daemon socket.
[    4.229790] systemd[1]: Started Trigger resolvconf update for networkd DNS.
[[0;32m  OK  [0m] Started Trigger resolvconf update for networkd DNS.
[    4.231749] systemd[1]: Reached target System Time Synchronized.
[[0;32m  OK  [0m] Reached target System Time Synchronized.
[    4.233534] systemd[1]: Listening on Syslog Socket.
[[0;32m  OK  [0m] Listening on Syslog Socket.
[    4.235148] systemd[1]: Listening on LVM2 poll daemon socket.
[[0;32m  OK  [0m] Listening on LVM2 poll daemon socket.
[    4.236878] systemd[1]: Listening on udev Control Socket.
[[0;32m  OK  [0m] Listening on udev Control Socket.
[    4.238577] systemd[1]: Reached target Encrypted Volumes.
[[0;32m  OK  [0m] Reached target Encrypted Volumes.
[    4.240481] systemd[1]: Created slice System Slice.
[[0;32m  OK  [0m] Created slice System Slice.
[    4.242199] systemd[1]: Created slice system-serial\x2dgetty.slice.
[[0;32m  OK  [0m] Created slice system-serial\x2dgetty.slice.
[    4.257856] systemd[1]: Starting Create list of required static device nodes for the current kernel...
         Starting Create list of required st... nodes for the current kernel...
[    4.260582] systemd[1]: Reached target Slices.
[[0;32m  OK  [0m] Reached target Slices.
[    4.263978] systemd[1]: Starting Load Kernel Modules...
         Starting Load Kernel Modules...
[    4.266097] systemd[1]: Mounting Huge Pages File System...
         Mounting Huge Pages File System...
[    4.268944] systemd[1]: Mounting Debug File System...
         Mounting Debug File System...
[    4.272937] systemd[1]: Starting Set console keymap...
         Starting Set console keymap...
[    4.275051] systemd[1]: Starting Nameserver information manager...
[    4.275754] Loading iSCSI transport class v2.0-870.
         Starting Nameserver information manager...
[    4.278589] systemd[1]: Starting Journal Service...
         Starting Journal Service...
[    4.282893] systemd[1]: Mounting POSIX Message Queue File System...
[    4.284167] iscsi: registered transport (tcp)
         Mounting POSIX Message Queue File System...
[    4.287475] systemd[1]: Starting Uncomplicated firewall...
         Starting Uncomplicated firewall...
[    4.289899] systemd[1]: Starting File System Check on Root Device...
         Starting File System Check on Root Device...
[    4.291979] systemd[1]: Listening on /dev/initctl Compatibility Named Pipe.
[[0;32m  OK  [0m] Listening on /dev/initctl Compatibility Named Pipe.
[    4.295354] systemd[1]: Starting Monitoring of LVM2 mirrors, snapshots etc. using dmeventd or progress polling...
         Starting Monitoring of LVM2 mirrors... dmeventd or progress polling...
[    4.299057] systemd[1]: Started Forward Password Requests to Wall Directory Watch.
[[0;32m  OK  [0m] Started Forward Password Requests to Wall Directory Watch.
[    4.303508] systemd[1]: Mounted Huge Pages File System.
[[0;32m  OK  [0m] Mounted Huge Pages File System.
[    4.305391] systemd[1]: Mounted POSIX Message Queue File System.
[[0;32m  OK  [0m] Mounted POSIX Message Queue File System.
[    4.307149] systemd[1]: Mounted Debug File System.
[[0;32m  OK  [0m] Mounted Debug File System.
[    4.308932] systemd[1]: Started Create list of required static device nodes for the current kernel.
[[0;32m  OK  [0m] Started Create list of required sta...ce nodes for the current kernel.
[    4.315287] systemd[1]: Started Uncomplicated firewall.
[[0;32m  OK  [0m] Started Uncomplicated firewall.
[    4.318888] systemd[1]: Started File System Check Daemon to report status.
[[0;32m  OK  [0m] Started File System Check Daemon to report status.
[    4.322745] systemd[1]: Starting Create Static Device Nodes in /dev...
         Starting Create Static Device Nodes in /dev...
[    4.330173] systemd[1]: Started Nameserver information manager.
[[0;32m  OK  [0m] Started Nameserver information manager.
[    4.333906] iscsi: registered transport (iser)
[    4.336708] systemd[1]: Started Load Kernel Modules.
[[0;32m  OK  [0m] Started Load Kernel Modules.
[    4.339202] systemd[1]: Starting Apply Kernel Variables...
         Starting Apply Kernel Variables...
[    4.343328] systemd[1]: Mounting FUSE Control File System...
         Mounting FUSE Control File System...
[    4.347393] systemd[1]: Mounted FUSE Control File System.
[[0;32m  OK  [0m] Mounted FUSE Control File System.
[[0;32m  OK  [0m] Started Apply Kernel Variables.
[[0;32m  OK  [0m] Started Set console keymap.
[[0;32m  OK  [0m] Started Create Static Device Nodes in /dev.
[[0;32m  OK  [0m] Started LVM2 metadata daemon.
         Starting udev Kernel Device Manager...
[[0;32m  OK  [0m] Started File System Check on Root Device.
[[0;32m  OK  [0m] Started Journal Service.
         Starting Remount Root and Kernel File Systems...
[[0;32m  OK  [0m] Started Remount Root and Kernel File Systems.
         Starting udev Coldplug all Devices...
         Starting Flush Journal to Persistent Storage...
         Starting Load/Save Random Seed...
[[0;32m  OK  [0m] Started Load/Save Random Seed.
[[0;32m  OK  [0m] Started Flush Journal to Persistent Storage.
[[0;32m  OK  [0m] Started udev Kernel Device Manager.
[[0;32m  OK  [0m] Started udev Coldplug all Devices.
[[0;32m  OK  [0m] Started Dispatch Password Requests to Console Directory Watch.
[[0;32m  OK  [0m] Found device /dev/ttyS0.
[[0;32m  OK  [0m] Listening on Load/Save RF Kill Switch Status /dev/rfkill Watch.
[[0;32m  OK  [0m] Started Monitoring of LVM2 mirrors,...ng dmeventd or progress polling.
[[0;32m  OK  [0m] Reached target Local File Systems (Pre).
[[0;32m  OK  [0m] Reached target Local File Systems.
         Starting Tell Plymouth To Write Out Runtime Data...
         Starting Set console font and keymap...
         Starting Create Volatile Files and Directories...
         Starting LSB: AppArmor initialization...
         Starting Initial cloud-init job (pre-networking)...
[[0;32m  OK  [0m] Started Tell Plymouth To Write Out Runtime Data.
[[0;32m  OK  [0m] Started Create Volatile Files and Directories.
         Starting Update UTMP about System Boot/Shutdown...
[[0;32m  OK  [0m] Found device 82540EM Gigabit Ethern...r (PRO/1000 MT Desktop Adapter).
[[0;32m  OK  [0m] Started Update UTMP about System Boot/Shutdown.
[[0;32m  OK  [0m] Started LSB: AppArmor initialization.
         Starting Load AppArmor profiles managed internally by snapd...
[[0;32m  OK  [0m] Started Load AppArmor profiles managed internally by snapd.
[[0;32m  OK  [0m] Started Set console font and keymap.
[[0;32m  OK  [0m] Created slice system-getty.slice.
[    5.584438] cloud-init[667]: Cloud-init v. 21.1-19-gbad84ad4-0ubuntu1~16.04.2 running 'init-local' at Wed, 02 Nov 2022 18:03:58 +0000. Up 5.39 seconds.
[[0;32m  OK  [0m] Started Initial cloud-init job (pre-networking).
[[0;32m  OK  [0m] Reached target Network (Pre).
[[0;32m  OK  [0m] Started ifup for enp0s3.
         Starting Raise network interfaces...
[[0;32m  OK  [0m] Started Raise network interfaces.
         Starting Initial cloud-init job (metadata service crawler)...
[[0;32m  OK  [0m] Reached target Network.
[    6.145821] cloud-init[990]: Cloud-init v. 21.1-19-gbad84ad4-0ubuntu1~16.04.2 running 'init' at Wed, 02 Nov 2022 18:03:58 +0000. Up 5.96 seconds.
[    6.147383] cloud-init[990]: ci-info: ++++++++++++++++++++++++++++++++++++++Net device info++++++++++++++++++++++++++++++++++++++
[    6.148932] cloud-init[990]: ci-info: +--------+------+----------------------------+---------------+--------+-------------------+
[    6.150333] cloud-init[990]: ci-info: | Device |  Up  |          Address           |      Mask     | Scope  |     Hw-Address    |
[    6.151691] cloud-init[990]: ci-info: +--------+------+----------------------------+---------------+--------+-------------------+
[    6.153239] cloud-init[990]: ci-info: | enp0s3 | True |         10.0.2.15          | 255.255.255.0 | global | 02:be:82:6b:cc:1d |
[    6.154554] cloud-init[990]: ci-info: | enp0s3 | True | fe80::be:82ff:fe6b:cc1d/64 |       .       |  link  | 02:be:82:6b:cc:1d |
[    6.155867] cloud-init[990]: ci-info: |   lo   | True |         127.0.0.1          |   255.0.0.0   |  host  |         .         |
[    6.157215] cloud-init[990]: ci-info: |   lo   | True |          ::1/128           |       .       |  host  |         .         |
[    6.158589] cloud-init[990]: ci-info: +--------+------+----------------------------+---------------+--------+-------------------+
[    6.159934] cloud-init[990]: ci-info: +++++++++++++++++++++++++++Route IPv4 info++++++++++++++++++++++++++++
[    6.161107] cloud-init[990]: ci-info: +-------+-------------+----------+---------------+-----------+-------+
[    6.168822] cloud-init[990]: ci-info: | Route | Destination | Gateway  |    Genmask    | Interface | Flags |
[    6.169932] cloud-init[990]: ci-info: +-------+-------------+----------+---------------+-----------+-------+
[    6.171120] cloud-init[990]: ci-info: |   0   |   0.0.0.0   | 10.0.2.2 |    0.0.0.0    |   enp0s3  |   UG  |
[    6.172339] cloud-init[990]: ci-info: |   1   |   10.0.2.0  | 0.0.0.0  | 255.255.255.0 |   enp0s3  |   U   |
[    6.180523] cloud-init[990]: ci-info: +-------+-------------+----------+---------------+-----------+-------+
[    6.181679] cloud-init[990]: ci-info: +++++++++++++++++++Route IPv6 info+++++++++++++++++++
[    6.182814] cloud-init[990]: ci-info: +-------+-------------+---------+-----------+-------+
[    6.183866] cloud-init[990]: ci-info: | Route | Destination | Gateway | Interface | Flags |
[    6.184870] cloud-init[990]: ci-info: +-------+-------------+---------+-----------+-------+
[    6.185935] cloud-init[990]: ci-info: |   0   |  fe80::/64  |    ::   |   enp0s3  |   U   |
[    6.186948] cloud-init[990]: ci-info: |   3   |   ff00::/8  |    ::   |   enp0s3  |   U   |
[    6.188021] cloud-init[990]: ci-info: +-------+-------------+---------+-----------+-------+
[[0;32m  OK  [0m] Started Initial cloud-init job (metadata service crawler).
[[0;32m  OK  [0m] Reached target Cloud-config availability.
[[0;32m  OK  [0m] Reached target System Initialization.
         Starting Socket activation for snappy daemon.
[[0;32m  OK  [0m] Started Daily apt download activities.
[[0;32m  OK  [0m] Started Message of the Day.
[[0;32m  OK  [0m] Listening on D-Bus System Message Bus Socket.
[[0;32m  OK  [0m] Listening on ACPID Listen Socket.
[[0;32m  OK  [0m] Started Ubuntu Advantage Timer for running repeated jobs.
[[0;32m  OK  [0m] Listening on UUID daemon activation socket.
         Starting LXD - unix socket.
[[0;32m  OK  [0m] Started ACPI Events Check.
[[0;32m  OK  [0m] Reached target Paths.
[[0;32m  OK  [0m] Started Daily Cleanup of Temporary Directories.
[[0;32m  OK  [0m] Started Daily apt upgrade and clean activities.
[[0;32m  OK  [0m] Reached target Timers.
[[0;32m  OK  [0m] Reached target Network is Online.
         Starting iSCSI initiator daemon (iscsid)...
[[0;32m  OK  [0m] Listening on Socket activation for snappy daemon.
[[0;32m  OK  [0m] Listening on LXD - unix socket.
[[0;32m  OK  [0m] Reached target Sockets.
[[0;32m  OK  [0m] Reached target Basic System.
         Starting Login Service...
[[0;32m  OK  [0m] Started Regular background program processing daemon.
         Starting LXD - container startup/shutdown...
[[0;32m  OK  [0m] Started FUSE filesystem for LXC.
         Starting /etc/rc.local Compatibility...
         Starting Accounts Service...
         Starting LSB: Record successful boot for GRUB...
         Starting System Logging Service...
[[0;32m  OK  [0m] Started ACPI event daemon.
[[0;32m  OK  [0m] Started D-Bus System Message Bus.
         Starting OpenBSD Secure Shell server...
         Starting Message of the Day...
[[0;32m  OK  [0m] Started Deferred execution scheduler.
         Starting Virtualbox guest utils...
         Starting LSB: MD monitoring daemon...
         Starting Snap Daemon...
[[0;32m  OK  [0m] Started System Logging Service.
[[0;32m  OK  [0m] Started /etc/rc.local Compatibility.
[[0;32m  OK  [0m] Started Message of the Day.
[[0;32m  OK  [0m] Started iSCSI initiator daemon (iscsid).
         Starting Authenticate and Authorize Users to Run Privileged Tasks...
         Starting Login to default iSCSI targets...
[[0;32m  OK  [0m] Started LSB: Record successful boot for GRUB.
[[0;32m  OK  [0m] Started LSB: MD monitoring daemon.
[[0;32m  OK  [0m] Started Login Service.
[[0;32m  OK  [0m] Started Unattended Upgrades Shutdown.
[[0;32m  OK  [0m] Started Login to default iSCSI targets.
[[0;32m  OK  [0m] Reached target Remote File Systems (Pre).
         Mounting /home/vagrant/workspace...
         Mounting /vagrant...
[[0;32m  OK  [0m] Started OpenBSD Secure Shell server.
[[0;1;31mFAILED[0m] Failed to mount /vagrant.
See 'systemctl status vagrant.mount' for details.
[[0;1;33mDEPEND[0m] Dependency failed for Remote File Systems.
[[0;1;31mFAILED[0m] Failed to mount /home/vagrant/workspace.
See 'systemctl status home-vagrant-workspace.mount' for details.
         Starting Permit User Sessions...
         Starting LSB: daemon to balance interrupts for SMP systems...
         Starting LSB: automatic crash report generation...
         Starting LSB: Set the CPU Frequency Scaling governor to "ondemand"...
[[0;32m  OK  [0m] Started Permit User Sessions.
         Starting Terminate Plymouth Boot Screen...
         Starting Hold until boot process finishes up...
[[0;32m  OK  [0m] Started Hold until boot process finishes up.
[[0;32m  OK  [0m] Started Serial Getty on ttyS0.
         Starting Set console scheme...
[[0;32m  OK  [0m] Started Getty on tty1.
[[0;32m  OK  [0m] Reached target Login Prompts.
[[0;32m  OK  [0m] Started LSB: Set the CPU Frequency Scaling governor to "ondemand".
[[0;32m  OK  [0m] Started LSB: automatic crash report generation.
[[0;32m  OK  [0m] Started LXD - container startup/shutdown.
[[0;32m  OK  [0m] Started Terminate Plymouth Boot Screen.
[[0;32m  OK  [0m] Started Set console scheme.
[[0;32m  OK  [0m] Started Authenticate and Authorize Users to Run Privileged Tasks.
[[0;32m  OK  [0m] Started Accounts Service.
[[0;32m  OK  [0m] Started LSB: daemon to balance interrupts for SMP systems.
[[0;32m  OK  [0m] Started Virtualbox guest utils.
[[0;32m  OK  [0m] Started Snap Daemon.
         Starting Wait until snapd is fully seeded...
[[0;32m  OK  [0m] Started Wait until snapd is fully seeded.
         Starting Apply the settings specified in cloud-config...
[    6.945898] cloud-init[1250]: Cloud-init v. 21.1-19-gbad84ad4-0ubuntu1~16.04.2 running 'modules:config' at Wed, 02 Nov 2022 18:03:59 +0000. Up 6.86 seconds.
[[0;32m  OK  [0m] Started Apply the settings specified in cloud-config.
         Starting cloud-id shim...
[[0;32m  OK  [0m] Started cloud-id shim.
[[0;32m  OK  [0m] Reached target Multi-User System.
[[0;32m  OK  [0m] Reached target Graphical Interface.
         Starting Execute cloud user/final scripts...
         Starting Update UTMP about System Runlevel Changes...
[[0;32m  OK  [0m] Started Update UTMP about System Runlevel Changes.
[    7.513428] cloud-init[1266]: Cloud-init v. 21.1-19-gbad84ad4-0ubuntu1~16.04.2 running 'modules:final' at Wed, 02 Nov 2022 18:04:00 +0000. Up 7.42 seconds.
[    7.515276] cloud-init[1266]: Cloud-init v. 21.1-19-gbad84ad4-0ubuntu1~16.04.2 finished at Wed, 02 Nov 2022 18:04:00 +0000. Datasource DataSourceNoCloud [seed=/dev/sdb][dsmode=net].  Up 7.50 seconds
[[0;32m  OK  [0m] Started Execute cloud user/final scripts.
[[0;32m  OK  [0m] Reached target Cloud-init target.
         Starting Daily apt download activities...

Ubuntu 16.04.7 LTS ubuntu-xenial ttyS0

ubuntu-xenial login: 